watching /simnav/explorer_status (interval=1.0s)
sim=    4.98  CHG topology_region            -> LOBBY_TRANSIT
sim=    4.98  CHG last_plan_reason           -> NOT_READY
sim=    4.98  CHG completed_topologies       -> ()
sim=    4.98  CHG candidate_topologies       -> ()
sim=    4.98  CHG actionable_portals         -> ()
sim=    4.98  CHG completed_front_sides      -> ()
sim=    4.98  CHG front_station_topologies   -> ()
sim=    4.98  reg=LOBBY_TRANSIT            lock=None         tgt=None          /None         cov=0.000/0.000/0.000 comb=0.550 rooms=0 act=0 cand=0 portals=0
sim=    6.01  reg=LOBBY_TRANSIT            lock=None         tgt=None          /None         cov=0.000/0.000/0.000 comb=0.550 rooms=0 act=0 cand=0 portals=0
sim=    7.01  reg=LOBBY_TRANSIT            lock=None         tgt=None          /None         cov=0.000/0.000/0.000 comb=0.550 rooms=0 act=0 cand=0 portals=0
sim=    8.01  reg=LOBBY_TRANSIT            lock=None         tgt=None          /None         cov=0.000/0.000/0.000 comb=0.550 rooms=0 act=0 cand=0 portals=0
sim=    9.01  reg=LOBBY_TRANSIT            lock=None         tgt=None          /None         cov=0.000/0.000/0.000 comb=0.550 rooms=0 act=0 cand=0 portals=0
sim=   10.01  reg=LOBBY_TRANSIT            lock=None         tgt=None          /None         cov=0.000/0.000/0.000 comb=0.550 rooms=0 act=0 cand=0 portals=0
sim=   11.01  reg=LOBBY_TRANSIT            lock=None         tgt=None          /None         cov=0.000/0.000/0.000 comb=0.550 rooms=0 act=0 cand=0 portals=0
sim=   12.08  reg=LOBBY_TRANSIT            lock=None         tgt=None          /None         cov=0.000/0.000/0.000 comb=0.550 rooms=0 act=0 cand=0 portals=0
sim=   13.10  reg=LOBBY_TRANSIT            lock=None         tgt=None          /None         cov=0.000/0.000/0.000 comb=0.550 rooms=0 act=0 cand=0 portals=0
sim=   14.10  reg=LOBBY_TRANSIT            lock=None         tgt=None          /None         cov=0.000/0.000/0.000 comb=0.550 rooms=0 act=0 cand=0 portals=0
sim=   15.11  reg=LOBBY_TRANSIT            lock=None         tgt=None          /None         cov=0.000/0.000/0.000 comb=0.550 rooms=0 act=0 cand=0 portals=0
sim=   16.20  reg=LOBBY_TRANSIT            lock=None         tgt=None          /None         cov=0.000/0.000/0.000 comb=0.550 rooms=0 act=0 cand=0 portals=0
sim=   17.21  reg=LOBBY_TRANSIT            lock=None         tgt=None          /None         cov=0.000/0.000/0.000 comb=0.550 rooms=0 act=0 cand=0 portals=0
sim=   18.21  reg=LOBBY_TRANSIT            lock=None         tgt=None          /None         cov=0.000/0.000/0.000 comb=0.550 rooms=0 act=0 cand=0 portals=0
sim=   19.21  reg=LOBBY_TRANSIT            lock=None         tgt=None          /None         cov=0.000/0.000/0.000 comb=0.550 rooms=0 act=0 cand=0 portals=0
sim=   20.21  reg=LOBBY_TRANSIT            lock=None         tgt=None          /None         cov=0.000/0.000/0.000 comb=0.550 rooms=0 act=0 cand=0 portals=0
sim=   21.21  reg=LOBBY_TRANSIT            lock=None         tgt=None          /None         cov=0.000/0.000/0.000 comb=0.550 rooms=0 act=0 cand=0 portals=0
sim=   22.21  reg=LOBBY_TRANSIT            lock=None         tgt=None          /None         cov=0.000/0.000/0.000 comb=0.550 rooms=0 act=0 cand=0 portals=0
sim=   24.11  CHG topology_region            -> CORRIDOR
sim=   24.11  CHG active_target_kind         -> LASER_FRONTIER
sim=   24.11  CHG active_target_topology     -> CORRIDOR
sim=   24.11  CHG last_plan_reason           -> TARGET
sim=   24.11  CHG candidate_topologies       -> ('CORRIDOR', 'ROOM_L_1', 'ROOM_R_15', 'ROOM_R_44')
sim=   24.11  CHG actionable_portals         -> ('ROOM_L_15', 'ROOM_R_15', 'ROOM_R_36')
sim=   24.11  CHG front_station_topologies   -> ('ROOM_L_15', 'ROOM_R_15')
sim=   24.11  ROOM COVERAGE ROOM_L_15      laser=0.043  camera=0.007  combined=0.009  target=0.550 cells=11122
sim=   24.11  ROOM COVERAGE ROOM_R_15      laser=0.056  camera=0.016  combined=0.018  target=0.550 cells=9123
sim=   24.11  ROOM COVERAGE ROOM_R_36      laser=0.032  camera=0.000  combined=0.002  target=0.550 cells=9451
sim=   24.11  reg=CORRIDOR                 lock=None         tgt=LASER_FRONTIER/CORRIDOR     cov=0.077/0.014/0.017 comb=0.550 rooms=0 act=3 cand=4 portals=8
sim=   25.11  CHG actionable_portals         -> ('ROOM_L_15', 'ROOM_R_15', 'ROOM_R_38', 'ROOM_R_44')
sim=   25.11  ROOM COVERAGE ROOM_L_15      laser=0.052  camera=0.015  combined=0.017  target=0.550 cells=11090
sim=   25.11  ROOM COVERAGE ROOM_R_38      laser=0.029  camera=0.000  combined=0.001  target=0.550 cells=5187
sim=   25.11  ROOM COVERAGE ROOM_R_44      laser=0.004  camera=0.000  combined=0.000  target=0.550 cells=6996
sim=   25.11  reg=CORRIDOR                 lock=None         tgt=LASER_FRONTIER/CORRIDOR     cov=0.079/0.017/0.020 comb=0.550 rooms=0 act=4 cand=4 portals=9
sim=   26.11  CHG candidate_topologies       -> ('CORRIDOR', 'ROOM_L_1', 'ROOM_R_15', 'ROOM_R_46')
sim=   26.11  ROOM COVERAGE ROOM_L_15      laser=0.063  camera=0.024  combined=0.026  target=0.550 cells=11054
sim=   26.11  reg=CORRIDOR                 lock=None         tgt=LASER_FRONTIER/CORRIDOR     cov=0.086/0.020/0.023 comb=0.550 rooms=0 act=4 cand=4 portals=9
sim=   28.11  CHG candidate_topologies       -> ('CORRIDOR', 'ROOM_L_1', 'ROOM_L_15', 'ROOM_R_15')
sim=   28.11  ROOM COVERAGE ROOM_L_15      laser=0.110  camera=0.043  combined=0.046  target=0.550 cells=10700
sim=   28.11  ROOM COVERAGE ROOM_R_15      laser=0.242  camera=0.019  combined=0.030  target=0.550 cells=9010
sim=   28.11  reg=CORRIDOR                 lock=None         tgt=LASER_FRONTIER/CORRIDOR     cov=0.118/0.025/0.030 comb=0.550 rooms=0 act=4 cand=4 portals=9
sim=   30.11  CHG actionable_portals         -> ('ROOM_L_15', 'ROOM_R_15', 'ROOM_R_36', 'ROOM_R_44')
sim=   30.11  ROOM COVERAGE ROOM_L_15      laser=0.512  camera=0.105  combined=0.126  target=0.550 cells=9313
sim=   30.11  ROOM COVERAGE ROOM_R_15      laser=0.402  camera=0.020  combined=0.039  target=0.550 cells=8369
sim=   30.11  reg=CORRIDOR                 lock=None         tgt=LASER_FRONTIER/CORRIDOR     cov=0.211/0.037/0.046 comb=0.550 rooms=0 act=4 cand=4 portals=7
sim=   32.12  CHG topology_region            -> ROOM_APPROACHING
sim=   32.12  CHG topology_lock              -> ROOM_R_15
sim=   32.12  CHG active_target_topology     -> ROOM_R_15
sim=   32.12  CHG actionable_portals         -> ('ROOM_L_15', 'ROOM_R_15', 'ROOM_R_36', 'ROOM_R_44', 'ROOM_R_53')
sim=   32.12  ROOM COVERAGE ROOM_L_15      laser=0.612  camera=0.254  combined=0.272  target=0.550 cells=8923
sim=   32.12  ROOM COVERAGE ROOM_R_53      laser=0.000  camera=0.000  combined=0.000  target=0.550 cells=7822
sim=   32.12  reg=ROOM_APPROACHING         lock=ROOM_R_15    tgt=LASER_FRONTIER/ROOM_R_15    cov=0.224/0.061/0.069 comb=0.550 rooms=0 act=5 cand=4 portals=8
sim=   34.02  CHG active_target_kind         -> CAMERA_FRONTIER
sim=   34.02  CHG candidate_topologies       -> ('ROOM_R_15',)
sim=   34.02  CHG actionable_portals         -> ('ROOM_R_15',)
sim=   34.02  reg=ROOM_APPROACHING         lock=ROOM_R_15    tgt=CAMERA_FRONTIER/ROOM_R_15    cov=0.248/0.064/0.073 comb=0.550 rooms=0 act=1 cand=1 portals=8
sim=   36.11  reg=ROOM_APPROACHING         lock=ROOM_R_15    tgt=CAMERA_FRONTIER/ROOM_R_15    cov=0.260/0.071/0.081 comb=0.550 rooms=0 act=1 cand=1 portals=7
sim=   38.02  ROOM COVERAGE ROOM_R_15      laser=0.492  camera=0.100  combined=0.119  target=0.550 cells=9398
sim=   38.02  reg=ROOM_APPROACHING         lock=ROOM_R_15    tgt=CAMERA_FRONTIER/ROOM_R_15    cov=0.266/0.085/0.094 comb=0.550 rooms=0 act=1 cand=1 portals=7
sim=   39.02  CHG candidate_topologies       -> ('ROOM_R_15', 'ROOM_R_36')
sim=   39.02  reg=ROOM_APPROACHING         lock=ROOM_R_15    tgt=CAMERA_FRONTIER/ROOM_R_15    cov=0.267/0.086/0.095 comb=0.550 rooms=0 act=1 cand=2 portals=6
sim=   41.01  ROOM COVERAGE ROOM_R_15      laser=0.514  camera=0.137  combined=0.156  target=0.550 cells=9246
sim=   41.01  reg=ROOM_APPROACHING         lock=ROOM_R_15    tgt=CAMERA_FRONTIER/ROOM_R_15    cov=0.269/0.091/0.100 comb=0.550 rooms=0 act=1 cand=2 portals=6
sim=   42.02  ROOM COVERAGE ROOM_R_15      laser=0.522  camera=0.154  combined=0.173  target=0.550 cells=9216
sim=   42.02  reg=ROOM_APPROACHING         lock=ROOM_R_15    tgt=CAMERA_FRONTIER/ROOM_R_15    cov=0.271/0.094/0.103 comb=0.550 rooms=0 act=1 cand=2 portals=6
sim=   43.02  ROOM COVERAGE ROOM_R_15      laser=0.550  camera=0.165  combined=0.184  target=0.550 cells=9050
sim=   43.02  reg=ROOM_APPROACHING         lock=ROOM_R_15    tgt=CAMERA_FRONTIER/ROOM_R_15    cov=0.274/0.096/0.105 comb=0.550 rooms=0 act=1 cand=2 portals=6
sim=   45.02  CHG candidate_topologies       -> ('ROOM_R_1', 'ROOM_R_15', 'ROOM_R_36')
sim=   45.02  ROOM COVERAGE ROOM_R_15      laser=0.657  camera=0.208  combined=0.230  target=0.550 cells=8896
sim=   45.02  reg=ROOM_APPROACHING         lock=ROOM_R_15    tgt=CAMERA_FRONTIER/ROOM_R_15    cov=0.291/0.103/0.112 comb=0.550 rooms=0 act=1 cand=3 portals=6
sim=   46.02  ROOM COVERAGE ROOM_R_15      laser=0.748  camera=0.219  combined=0.245  target=0.550 cells=8859
sim=   46.02  reg=ROOM_APPROACHING         lock=ROOM_R_15    tgt=CAMERA_FRONTIER/ROOM_R_15    cov=0.306/0.104/0.115 comb=0.550 rooms=0 act=1 cand=3 portals=6
sim=   48.02  CHG topology_region            -> ROOM_EXPLORING
sim=   48.02  ROOM COVERAGE ROOM_R_15      laser=0.865  camera=0.251  combined=0.282  target=0.550 cells=8681
sim=   48.02  reg=ROOM_EXPLORING           lock=ROOM_R_15    tgt=CAMERA_FRONTIER/ROOM_R_15    cov=0.323/0.109/0.120 comb=0.550 rooms=0 act=1 cand=3 portals=6
sim=   50.02  ROOM COVERAGE ROOM_R_15      laser=0.888  camera=0.318  combined=0.347  target=0.550 cells=8583
sim=   50.02  reg=ROOM_EXPLORING           lock=ROOM_R_15    tgt=CAMERA_FRONTIER/ROOM_R_15    cov=0.325/0.120/0.130 comb=0.550 rooms=0 act=1 cand=3 portals=6
sim=   51.02  ROOM COVERAGE ROOM_R_15      laser=0.901  camera=0.414  combined=0.439  target=0.550 cells=8549
sim=   51.02  reg=ROOM_EXPLORING           lock=ROOM_R_15    tgt=CAMERA_FRONTIER/ROOM_R_15    cov=0.327/0.135/0.145 comb=0.550 rooms=0 act=1 cand=3 portals=6
sim=   52.02  ROOM COVERAGE ROOM_R_15      laser=0.901  camera=0.452  combined=0.475  target=0.550 cells=8548
sim=   52.02  reg=ROOM_EXPLORING           lock=ROOM_R_15    tgt=CAMERA_FRONTIER/ROOM_R_15    cov=0.327/0.141/0.150 comb=0.550 rooms=0 act=1 cand=3 portals=6
sim=   54.02  CHG topology_region            -> ROOM_APPROACHING
sim=   54.02  ROOM COVERAGE ROOM_R_15      laser=0.902  camera=0.457  combined=0.480  target=0.550 cells=8537
sim=   54.02  reg=ROOM_APPROACHING         lock=ROOM_R_15    tgt=CAMERA_FRONTIER/ROOM_R_15    cov=0.327/0.142/0.151 comb=0.550 rooms=0 act=1 cand=3 portals=6
sim=   55.02  CHG topology_region            -> ROOM_EXPLORING
sim=   55.02  ROOM COVERAGE ROOM_R_15      laser=0.902  camera=0.467  combined=0.489  target=0.550 cells=8536
sim=   55.02  reg=ROOM_EXPLORING           lock=ROOM_R_15    tgt=CAMERA_FRONTIER/ROOM_R_15    cov=0.327/0.143/0.153 comb=0.550 rooms=0 act=1 cand=3 portals=6
sim=   57.02  reg=ROOM_EXPLORING           lock=ROOM_R_15    tgt=CAMERA_FRONTIER/ROOM_R_15    cov=0.327/0.143/0.152 comb=0.550 rooms=0 act=1 cand=3 portals=6
sim=   59.02  ROOM COVERAGE ROOM_R_15      laser=0.918  camera=0.480  combined=0.502  target=0.550 cells=8497
sim=   59.02  reg=ROOM_EXPLORING           lock=ROOM_R_15    tgt=CAMERA_FRONTIER/ROOM_R_15    cov=0.329/0.145/0.154 comb=0.550 rooms=0 act=1 cand=3 portals=6
sim=   60.03  ROOM COVERAGE ROOM_R_15      laser=0.927  camera=0.539  combined=0.558  target=0.550 cells=8491  >= target
sim=   60.03  reg=ROOM_EXPLORING           lock=ROOM_R_15    tgt=CAMERA_FRONTIER/ROOM_R_15    cov=0.330/0.154/0.163 comb=0.550 rooms=0 act=1 cand=3 portals=6
sim=   62.03  ROOM COVERAGE ROOM_R_15      laser=0.928  camera=0.559  combined=0.578  target=0.550 cells=8489  >= target
sim=   62.03  reg=ROOM_EXPLORING           lock=ROOM_R_15    tgt=CAMERA_FRONTIER/ROOM_R_15    cov=0.331/0.158/0.166 comb=0.550 rooms=0 act=1 cand=3 portals=6
sim=   64.02  ROOM COVERAGE ROOM_R_15      laser=0.931  camera=0.604  combined=0.620  target=0.550 cells=8474  >= target
sim=   64.02  reg=ROOM_EXPLORING           lock=ROOM_R_15    tgt=CAMERA_FRONTIER/ROOM_R_15    cov=0.331/0.165/0.173 comb=0.550 rooms=0 act=1 cand=3 portals=6
sim=   66.02  CHG topology_region            -> ROOM_APPROACHING
sim=   66.02  reg=ROOM_APPROACHING         lock=ROOM_R_15    tgt=CAMERA_FRONTIER/ROOM_R_15    cov=0.329/0.164/0.172 comb=0.550 rooms=0 act=1 cand=3 portals=6
sim=   68.02  CHG topology_region            -> ROOM_EXPLORING
sim=   68.02  ROOM COVERAGE ROOM_R_15      laser=0.937  camera=0.615  combined=0.631  target=0.550 cells=8158  >= target
sim=   68.02  reg=ROOM_EXPLORING           lock=ROOM_R_15    tgt=CAMERA_FRONTIER/ROOM_R_15    cov=0.328/0.164/0.172 comb=0.550 rooms=0 act=1 cand=3 portals=6
sim=   70.03  ROOM COVERAGE ROOM_R_15      laser=0.937  camera=0.723  combined=0.734  target=0.550 cells=8061  >= target
sim=   70.03  reg=ROOM_EXPLORING           lock=ROOM_R_15    tgt=CAMERA_FRONTIER/ROOM_R_15    cov=0.327/0.179/0.187 comb=0.550 rooms=0 act=1 cand=3 portals=6
sim=   72.12  CHG candidate_topologies       -> ('ROOM_R_1', 'ROOM_R_15')
sim=   72.12  ROOM COVERAGE ROOM_R_15      laser=0.936  camera=0.756  combined=0.765  target=0.550 cells=8043  >= target
sim=   72.12  reg=ROOM_EXPLORING           lock=ROOM_R_15    tgt=CAMERA_FRONTIER/ROOM_R_15    cov=0.327/0.184/0.191 comb=0.550 rooms=0 act=1 cand=2 portals=6
sim=   74.02  ROOM COVERAGE ROOM_R_15      laser=0.962  camera=0.761  combined=0.771  target=0.550 cells=7904  >= target
sim=   74.02  reg=ROOM_EXPLORING           lock=ROOM_R_15    tgt=CAMERA_FRONTIER/ROOM_R_15    cov=0.329/0.183/0.191 comb=0.550 rooms=0 act=1 cand=2 portals=6
sim=   75.03  CHG topology_region            -> ROOM_APPROACHING
sim=   75.03  reg=ROOM_APPROACHING         lock=ROOM_R_15    tgt=CAMERA_FRONTIER/ROOM_R_15    cov=0.329/0.183/0.191 comb=0.550 rooms=0 act=1 cand=2 portals=6
sim=   76.03  CHG topology_region            -> ROOM_EXPLORING
sim=   76.03  reg=ROOM_EXPLORING           lock=ROOM_R_15    tgt=CAMERA_FRONTIER/ROOM_R_15    cov=0.329/0.182/0.190 comb=0.550 rooms=0 act=1 cand=2 portals=6
sim=   78.03  ROOM COVERAGE ROOM_R_15      laser=0.968  camera=0.803  combined=0.811  target=0.550 cells=7831  >= target
sim=   78.03  reg=ROOM_EXPLORING           lock=ROOM_R_15    tgt=CAMERA_FRONTIER/ROOM_R_15    cov=0.329/0.189/0.196 comb=0.550 rooms=0 act=1 cand=2 portals=6
sim=   80.02  reg=ROOM_EXPLORING           lock=ROOM_R_15    tgt=CAMERA_FRONTIER/ROOM_R_15    cov=0.329/0.189/0.196 comb=0.550 rooms=0 act=1 cand=2 portals=6
sim=   81.04  ROOM COVERAGE ROOM_R_15      laser=0.968  camera=0.812  combined=0.820  target=0.550 cells=7816  >= target
sim=   81.04  reg=ROOM_EXPLORING           lock=ROOM_R_15    tgt=CAMERA_FRONTIER/ROOM_R_15    cov=0.329/0.190/0.197 comb=0.550 rooms=0 act=1 cand=2 portals=6
sim=   83.13  ROOM COVERAGE ROOM_R_15      laser=0.967  camera=0.830  combined=0.837  target=0.550 cells=7760  >= target
sim=   83.13  reg=ROOM_EXPLORING           lock=ROOM_R_15    tgt=CAMERA_FRONTIER/ROOM_R_15    cov=0.328/0.192/0.199 comb=0.550 rooms=0 act=1 cand=2 portals=6
sim=   85.03  ROOM COVERAGE ROOM_R_15      laser=0.967  camera=0.861  combined=0.866  target=0.550 cells=7759  >= target
sim=   85.03  reg=ROOM_EXPLORING           lock=ROOM_R_15    tgt=CAMERA_FRONTIER/ROOM_R_15    cov=0.328/0.196/0.203 comb=0.550 rooms=0 act=1 cand=2 portals=6
sim=   86.13  ROOM COVERAGE ROOM_R_15      laser=0.967  camera=0.877  combined=0.881  target=0.550 cells=7753  >= target
sim=   86.13  reg=ROOM_EXPLORING           lock=ROOM_R_15    tgt=CAMERA_FRONTIER/ROOM_R_15    cov=0.328/0.199/0.205 comb=0.550 rooms=0 act=1 cand=2 portals=6
sim=   88.13  ROOM COVERAGE ROOM_R_15      laser=0.967  camera=0.921  combined=0.923  target=0.550 cells=7745  >= target
sim=   88.13  reg=ROOM_EXPLORING           lock=ROOM_R_15    tgt=CAMERA_FRONTIER/ROOM_R_15    cov=0.328/0.205/0.211 comb=0.550 rooms=0 act=1 cand=2 portals=6
sim=   89.13  ROOM COVERAGE ROOM_R_15      laser=0.967  camera=0.933  combined=0.935  target=0.550 cells=7720  >= target
sim=   89.13  reg=ROOM_EXPLORING           lock=ROOM_R_15    tgt=CAMERA_FRONTIER/ROOM_R_15    cov=0.327/0.206/0.212 comb=0.550 rooms=0 act=1 cand=2 portals=6
sim=   90.13  ROOM COVERAGE ROOM_R_15      laser=0.967  camera=0.942  combined=0.943  target=0.550 cells=7687  >= target
sim=   90.13  reg=ROOM_EXPLORING           lock=ROOM_R_15    tgt=CAMERA_FRONTIER/ROOM_R_15    cov=0.327/0.207/0.213 comb=0.550 rooms=0 act=1 cand=2 portals=6
sim=   92.03  ROOM COVERAGE ROOM_R_15      laser=0.968  camera=0.958  combined=0.959  target=0.550 cells=7667  >= target
sim=   92.03  reg=ROOM_EXPLORING           lock=ROOM_R_15    tgt=CAMERA_FRONTIER/ROOM_R_15    cov=0.327/0.209/0.215 comb=0.550 rooms=0 act=1 cand=2 portals=6
sim=   93.12  reg=ROOM_EXPLORING           lock=ROOM_R_15    tgt=CAMERA_FRONTIER/ROOM_R_15    cov=0.326/0.209/0.215 comb=0.550 rooms=0 act=1 cand=2 portals=6
sim=   94.12  CHG topology_region            -> ROOM_APPROACHING
sim=   94.12  ROOM COVERAGE ROOM_R_15      laser=0.968  camera=0.966  combined=0.966  target=0.550 cells=7591  >= target
sim=   94.12  reg=ROOM_APPROACHING         lock=ROOM_R_15    tgt=CAMERA_FRONTIER/ROOM_R_15    cov=0.326/0.209/0.215 comb=0.550 rooms=0 act=1 cand=2 portals=6
sim=   96.13  CHG topology_region            -> ROOM_EXPLORING
sim=   96.13  reg=ROOM_EXPLORING           lock=ROOM_R_15    tgt=CAMERA_FRONTIER/ROOM_R_15    cov=0.326/0.209/0.215 comb=0.550 rooms=0 act=1 cand=2 portals=6
sim=   98.12  reg=ROOM_EXPLORING           lock=ROOM_R_15    tgt=CAMERA_FRONTIER/ROOM_R_15    cov=0.326/0.209/0.215 comb=0.550 rooms=0 act=1 cand=2 portals=6
sim=   99.12  reg=ROOM_EXPLORING           lock=ROOM_R_15    tgt=CAMERA_FRONTIER/ROOM_R_15    cov=0.326/0.209/0.215 comb=0.550 rooms=0 act=1 cand=2 portals=6
sim=  100.13  reg=ROOM_EXPLORING           lock=ROOM_R_15    tgt=CAMERA_FRONTIER/ROOM_R_15    cov=0.325/0.208/0.214 comb=0.550 rooms=0 act=1 cand=2 portals=6
sim=  102.12  reg=ROOM_EXPLORING           lock=ROOM_R_15    tgt=CAMERA_FRONTIER/ROOM_R_15    cov=0.324/0.207/0.213 comb=0.550 rooms=0 act=1 cand=2 portals=6
sim=  103.13  CHG topology_region            -> ROOM_APPROACHING
sim=  103.13  reg=ROOM_APPROACHING         lock=ROOM_R_15    tgt=CAMERA_FRONTIER/ROOM_R_15    cov=0.324/0.207/0.213 comb=0.550 rooms=0 act=1 cand=2 portals=6
sim=  105.03  CHG topology_region            -> ROOM_EXPLORING
sim=  105.03  reg=ROOM_EXPLORING           lock=ROOM_R_15    tgt=CAMERA_FRONTIER/ROOM_R_15    cov=0.324/0.207/0.213 comb=0.550 rooms=0 act=1 cand=2 portals=6
