/workspace/SimEnv/.baseline_worktrees/single_floor_808e8b3/src/simnav/scripts/danger_detector_node.py:533: RuntimeWarning: invalid value encountered in greater
  "depth_valid": bool(np.any(np.isfinite(depth) & (depth > 0.0))),
[INFO] [1788651261.782297, 54.690000]: RGB-D exploration scope active: type=room id=ROOM_L_15
[INFO] [1788651928.389382, 98.092000]: Danger lifecycle TRACK_CREATED id=0
[INFO] [1788651934.400023, 98.500000]: Danger lifecycle CONFIRMED id=0
[INFO] [1788651020.823500, 39.030000]: Entrance threshold crossed; stopping before plane-policy switch
[INFO] [1788651033.043374, 39.840000]: Plane locomotion policy active; continuing exploration
[INFO] [1788651033.076077, 39.868000]: Lobby transit complete; direct task-region exploration enabled
[INFO] [1788651075.531512, 42.706000]: FRONT door not observed; starting bounded 1.00 m recognition segment (travel 0.00/3.00 m)
[INFO] [1788651113.619627, 45.084000]: FRONT door recognition segment complete; stopped for rescan (travel 1.00/3.00 m)
[INFO] [1788651152.816079, 47.742000]: FRONT door not observed; starting bounded 1.00 m recognition segment (travel 1.00/3.00 m)
[INFO] [1788651197.469831, 50.482000]: FRONT door recognition segment complete; stopped for rescan (travel 2.04/3.00 m)
[INFO] [1788651261.781987, 54.690000]: COVERAGE target kind=CAMERA_FRONTIER topology=ROOM_L_15 path=3.00 laser_gain=6.32 camera_gain=13.44 combined_gain=12.73
[INFO] [1788651277.684604, 55.692000]: COVERAGE target kind=CAMERA_FRONTIER topology=ROOM_L_15 path=3.41 laser_gain=3.59 camera_gain=10.73 combined_gain=10.02
[INFO] [1788651491.711484, 69.664000]: COVERAGE target kind=CAMERA_FRONTIER topology=ROOM_L_15 path=1.89 laser_gain=0.47 camera_gain=2.62 combined_gain=2.41 (replaced)
[INFO] [1788651615.524428, 77.730000]: COVERAGE target kind=CAMERA_FRONTIER topology=ROOM_L_15 path=3.05 laser_gain=0.10 camera_gain=2.50 combined_gain=2.26
[INFO] [1788651755.955426, 86.634000]: COVERAGE target kind=CAMERA_FRONTIER topology=ROOM_L_15 path=4.52 laser_gain=0.91 camera_gain=4.70 combined_gain=4.32 (replaced)
[INFO] [1788651892.931082, 95.706000]: COVERAGE target kind=CAMERA_FRONTIER topology=ROOM_L_15 path=1.76 laser_gain=0.01 camera_gain=2.97 combined_gain=2.67 (replaced)
[INFO] [1788651952.474388, 99.708000]: COVERAGE target kind=CAMERA_FRONTIER topology=ROOM_L_15 path=5.22 laser_gain=0.00 camera_gain=4.13 combined_gain=3.72 (replaced)
[INFO] [1788651967.585520, 100.726000]: COVERAGE target kind=CAMERA_FRONTIER topology=ROOM_L_15 path=5.49 laser_gain=0.00 camera_gain=3.98 combined_gain=3.58
[INFO] [1788651995.964423, 102.650000]: COVERAGE target kind=CAMERA_FRONTIER topology=ROOM_L_15 path=5.11 laser_gain=0.00 camera_gain=3.45 combined_gain=3.11
[INFO] [1788652129.863727, 111.722000]: COVERAGE target kind=CAMERA_FRONTIER topology=ROOM_L_15 path=5.55 laser_gain=0.00 camera_gain=1.82 combined_gain=1.64 (replaced)
[INFO] [1788652190.237134, 115.688000]: COVERAGE target kind=CAMERA_FRONTIER topology=ROOM_L_15 path=5.81 laser_gain=0.00 camera_gain=3.20 combined_gain=2.88
[INFO] [1788652293.088292, 122.654000]: Topology room ROOM_L_15 coverage complete; returning to CORRIDOR before next room
[INFO] [1788652898.570049, 161.574000]: Topology room ROOM_L_15 complete and robot confirmed back in CORRIDOR
[31mWARNING: disk usage in log directory [/tmp/simenv-home/.ros/log] is over 1GB.
It's recommended that you use the 'rosclean' command.[0m
... logging to /tmp/simenv-home/.ros/log/630d5c70-a980-11f1-9012-5084929e6cf9/roslaunch-xiejiaxue-System-Product-Name-3901291.log
Checking log directory for disk usage. This may take a while.
Press Ctrl-C to interrupt
]2;/workspace/SimEnv/.baseline_worktrees/single_floor_808e8b3/src/simnav/launch/stage_b_behavior.launch
[1mstarted roslaunch server http://xiejiaxue-System-Product-Name:34709/[0m

SUMMARY
========

PARAMETERS
 * /coverage_explorer/camera_coverage_target: 0.85
 * /coverage_explorer/camera_resolution: 0.25
 * /coverage_explorer/camera_weight: 0.9
 * /coverage_explorer/clearance_cost_weight: 1.4
 * /coverage_explorer/combined_coverage_target: 0.84
 * /coverage_explorer/completion_stable_duration: 3.0
 * /coverage_explorer/corridor_yaw: 0.0
 * /coverage_explorer/door_search_front_limit: 3.0
 * /coverage_explorer/door_search_rear_limit: 3.0
 * /coverage_explorer/door_search_step_distance: 1.0
 * /coverage_explorer/door_search_wait_cycles: 3
 * /coverage_explorer/expected_rooms_per_floor: 4
 * /coverage_explorer/far_room_first: False
 * /coverage_explorer/front_station_search_limit: 10.0
 * /coverage_explorer/frontier_cluster_radius: 0.45
 * /coverage_explorer/frontier_revisit_radius: 0.7
 * /coverage_explorer/heading_tolerance: 0.25
 * /coverage_explorer/information_radius: 2.5
 * /coverage_explorer/initial_centering_start_distance: 10.5
 * /coverage_explorer/initial_forward_distance: 14.5
 * /coverage_explorer/initial_forward_speed: 0.45
 * /coverage_explorer/laser_coverage_target: 0.95
 * /coverage_explorer/minimum_room_stations: 1
 * /coverage_explorer/motion_speed: 0.45
 * /coverage_explorer/motion_stop_distance: 0.48
 * /coverage_explorer/navigation_clearance: 0.2
 * /coverage_explorer/portal_confirm_cycles: 3
 * /coverage_explorer/preferred_clearance: 0.32
 * /coverage_explorer/rear_transit_distance: 12.0
 * /coverage_explorer/replan_period: 1.0
 * /coverage_explorer/robot_radius: 0.38
 * /coverage_explorer/room_combined_coverage_target: 0.85
 * /coverage_explorer/room_completion_miss_cycles: 3
 * /coverage_explorer/safety_margin: 0.04
 * /coverage_explorer/show_room_virtual_doors: True
 * /coverage_explorer/sphere_min_hits: 3
 * /coverage_explorer/sphere_point_stride: 2
 * /coverage_explorer/sphere_process_period: 0.5
 * /coverage_explorer/sphere_review_hold: 2.0
 * /coverage_explorer/target_replace_gain_ratio: 1.3
 * /coverage_explorer/target_replace_min_age: 4.0
 * /coverage_explorer/target_replace_stall: 8.0
 * /coverage_explorer/target_tolerance: 0.35
 * /coverage_explorer/task_back_extension: 0.6
 * /coverage_explorer/task_corridor_half_width: 1.1
 * /coverage_explorer/task_entry_buffer: 0.45
 * /coverage_explorer/task_forward_depth: 35.0
 * /coverage_explorer/task_lateral_half_width: 9.5
 * /coverage_explorer/turn_cost_weight: 0.1
 * /coverage_explorer/turn_speed: 0.65
 * /coverage_explorer/virtual_gate_depth: 0.3
 * /coverage_explorer/virtual_gate_forward_distance: 10.5
 * /coverage_explorer/virtual_gate_half_width: 1.1
 * /danger_detector/camera_observation_markers_enabled: True
 * /danger_detector/camera_observation_max_cells: 30000
 * /danger_detector/camera_observation_pixel_stride: 32
 * /danger_detector/camera_observation_resolution: 0.25
 * /danger_detector/camera_observation_summary_period: 0.5
 * /danger_detector/cluster_radius: 0.75
 * /danger_detector/confirmation_frames: 3
 * /danger_detector/debug_output_file: /workspace/SimEnv...
 * /danger_detector/output_file: /workspace/SimEnv...
 * /rosdistro: noetic
 * /rosversion: 1.17.4

NODES
  /
    coverage_explorer (simnav/coverage_explorer_node.py)
    danger_detector (simnav/danger_detector_node.py)

[1mROS_MASTER_URI=http://127.0.0.1:11320[0m
]2;/workspace/SimEnv/.baseline_worktrees/single_floor_808e8b3/src/simnav/launch/stage_b_behavior.launch http://127.0.0.1:11320
[1mprocess[coverage_explorer-1]: started with pid [3901334][0m
[1mprocess[danger_detector-2]: started with pid [3901335][0m
[danger_detector-2] killing on exit
[coverage_explorer-1] killing on exit
shutting down processing monitor...
... shutting down processing monitor complete
[1mdone[0m
