xacro: in-order processing became default in ROS Melodic. You can drop the option.
[INFO] [1789315553.511664, 0.000000]: Loading model XML from ros parameter robot_description
[INFO] [1789315553.516041, 0.000000]: Waiting for service /gazebo/spawn_urdf_model
[INFO] [1789315554.420751, 0.162000]: Calling service /gazebo/spawn_urdf_model
[INFO] [1789315554.558908, 0.200000]: Spawn status: SpawnModel: Successfully spawned entity
[0m[INFO] [1789315553.557286270]: Finished loading Gazebo ROS API Plugin.[0m
[0m[INFO] [1789315553.557896041]: waitForService: Service [/gazebo/set_physics_properties] has not been advertised, waiting...[0m
[0m[INFO] [1789315554.253140636]: waitForService: Service [/gazebo/set_physics_properties] is now available.[0m
[0m[INFO] [1789315554.265188603, 0.008000000]: Physics dynamic reconfigure ready.[0m
[0m[INFO] [1789315554.553173512, 0.200000000]: <initialOrientationAsReference> is unset, using default value of false to comply with REP 145 (world as orientation reference)[0m
[0m[INFO] [1789315554.553207816, 0.200000000]: <robotNamespace> set to: //[0m
[0m[INFO] [1789315554.553213727, 0.200000000]: <topicName> set to: trunk_imu[0m
[0m[INFO] [1789315554.553218777, 0.200000000]: <frameName> set to: imu_link[0m
[0m[INFO] [1789315554.553233383, 0.200000000]: <updateRateHZ> set to: 1000[0m
[0m[INFO] [1789315554.553239484, 0.200000000]: <gaussianNoise> set to: 0[0m
[0m[INFO] [1789315554.553254177, 0.200000000]: <xyzOffset> set to: 0 0 0[0m
[0m[INFO] [1789315554.553267166, 0.200000000]: <rpyOffset> set to: 0 -0 0[0m
[0m[INFO] [1789315555.273158282, 0.200000000]: Loading gazebo_ros_control plugin[0m
[0m[INFO] [1789315555.273230695, 0.200000000]: Starting gazebo_ros_control plugin in namespace: /a1_gazebo[0m
[0m[INFO] [1789315555.273741452, 0.200000000]: gazebo_ros_control plugin is waiting for model URDF in parameter [/robot_description] on the ROS param server.[0m
[0m[INFO] [1789315555.383864385, 0.200000000]: Loaded gazebo_ros_control.[0m
Error in XmlRpcClient::writeRequest: write error (Connection refused).
Error in XmlRpcDispatch::work: couldn't find source iterator
Error in XmlRpcClient::writeRequest: write error (Connection refused).
Error in XmlRpcDispatch::work: couldn't find source iterator
Error in XmlRpcClient::writeRequest: write error (Connection refused).
Error in XmlRpcDispatch::work: couldn't find source iterator
Error in XmlRpcClient::writeRequest: write error (Connection refused).
Error in XmlRpcDispatch::work: couldn't find source iterator
Error in XmlRpcClient::writeRequest: write error (Connection refused).
Error in XmlRpcDispatch::work: couldn't find source iterator
[31mWARNING: disk usage in log directory [/tmp/simenv-home/.ros/log] is over 1GB.
It's recommended that you use the 'rosclean' command.[0m
... logging to /tmp/simenv-home/.ros/log/fcce9128-af8c-11f1-9501-5084929e6cf9/roslaunch-xiejiaxue-System-Product-Name-2361568.log
Checking log directory for disk usage. This may take a while.
Press Ctrl-C to interrupt
]2;/workspace/SimEnv/src/unitree_guide/unitree_guide/unitree_guide/launch/multi_floor_gazeboSim.launch
[1mstarted roslaunch server http://127.0.0.1:35033/[0m

SUMMARY
========

PARAMETERS
 * /a1_gazebo/FL_calf_controller/joint: FL_calf_joint
 * /a1_gazebo/FL_calf_controller/pid/d: 8.0
 * /a1_gazebo/FL_calf_controller/pid/i: 0.0
 * /a1_gazebo/FL_calf_controller/pid/p: 300.0
 * /a1_gazebo/FL_calf_controller/type: unitree_legged_co...
 * /a1_gazebo/FL_hip_controller/joint: FL_hip_joint
 * /a1_gazebo/FL_hip_controller/pid/d: 5.0
 * /a1_gazebo/FL_hip_controller/pid/i: 0.0
 * /a1_gazebo/FL_hip_controller/pid/p: 100.0
 * /a1_gazebo/FL_hip_controller/type: unitree_legged_co...
 * /a1_gazebo/FL_thigh_controller/joint: FL_thigh_joint
 * /a1_gazebo/FL_thigh_controller/pid/d: 8.0
 * /a1_gazebo/FL_thigh_controller/pid/i: 0.0
 * /a1_gazebo/FL_thigh_controller/pid/p: 300.0
 * /a1_gazebo/FL_thigh_controller/type: unitree_legged_co...
 * /a1_gazebo/FR_calf_controller/joint: FR_calf_joint
 * /a1_gazebo/FR_calf_controller/pid/d: 8.0
 * /a1_gazebo/FR_calf_controller/pid/i: 0.0
 * /a1_gazebo/FR_calf_controller/pid/p: 300.0
 * /a1_gazebo/FR_calf_controller/type: unitree_legged_co...
 * /a1_gazebo/FR_hip_controller/joint: FR_hip_joint
 * /a1_gazebo/FR_hip_controller/pid/d: 5.0
 * /a1_gazebo/FR_hip_controller/pid/i: 0.0
 * /a1_gazebo/FR_hip_controller/pid/p: 100.0
 * /a1_gazebo/FR_hip_controller/type: unitree_legged_co...
 * /a1_gazebo/FR_thigh_controller/joint: FR_thigh_joint
 * /a1_gazebo/FR_thigh_controller/pid/d: 8.0
 * /a1_gazebo/FR_thigh_controller/pid/i: 0.0
 * /a1_gazebo/FR_thigh_controller/pid/p: 300.0
 * /a1_gazebo/FR_thigh_controller/type: unitree_legged_co...
 * /a1_gazebo/RL_calf_controller/joint: RL_calf_joint
 * /a1_gazebo/RL_calf_controller/pid/d: 8.0
 * /a1_gazebo/RL_calf_controller/pid/i: 0.0
 * /a1_gazebo/RL_calf_controller/pid/p: 300.0
 * /a1_gazebo/RL_calf_controller/type: unitree_legged_co...
 * /a1_gazebo/RL_hip_controller/joint: RL_hip_joint
 * /a1_gazebo/RL_hip_controller/pid/d: 5.0
 * /a1_gazebo/RL_hip_controller/pid/i: 0.0
 * /a1_gazebo/RL_hip_controller/pid/p: 100.0
 * /a1_gazebo/RL_hip_controller/type: unitree_legged_co...
 * /a1_gazebo/RL_thigh_controller/joint: RL_thigh_joint
 * /a1_gazebo/RL_thigh_controller/pid/d: 8.0
 * /a1_gazebo/RL_thigh_controller/pid/i: 0.0
 * /a1_gazebo/RL_thigh_controller/pid/p: 300.0
 * /a1_gazebo/RL_thigh_controller/type: unitree_legged_co...
 * /a1_gazebo/RR_calf_controller/joint: RR_calf_joint
 * /a1_gazebo/RR_calf_controller/pid/d: 8.0
 * /a1_gazebo/RR_calf_controller/pid/i: 0.0
 * /a1_gazebo/RR_calf_controller/pid/p: 300.0
 * /a1_gazebo/RR_calf_controller/type: unitree_legged_co...
 * /a1_gazebo/RR_hip_controller/joint: RR_hip_joint
 * /a1_gazebo/RR_hip_controller/pid/d: 5.0
 * /a1_gazebo/RR_hip_controller/pid/i: 0.0
 * /a1_gazebo/RR_hip_controller/pid/p: 100.0
 * /a1_gazebo/RR_hip_controller/type: unitree_legged_co...
 * /a1_gazebo/RR_thigh_controller/joint: RR_thigh_joint
 * /a1_gazebo/RR_thigh_controller/pid/d: 8.0
 * /a1_gazebo/RR_thigh_controller/pid/i: 0.0
 * /a1_gazebo/RR_thigh_controller/pid/p: 300.0
 * /a1_gazebo/RR_thigh_controller/type: unitree_legged_co...
 * /a1_gazebo/joint_state_controller/publish_rate: 1000
 * /a1_gazebo/joint_state_controller/type: joint_state_contr...
 * /gazebo/enable_ros_network: True
 * /robot_description: <?xml version="1....
 * /robot_name: a1
 * /rosdistro: noetic
 * /rosversion: 1.17.4
 * /use_sim_time: True
 * /world_file: /workspace/SimEnv...

NODES
  /
    gazebo (gazebo_ros/gzserver)
    robot_state_publisher (robot_state_publisher/robot_state_publisher)
    urdf_spawner (gazebo_ros/spawn_model)

[1mROS_MASTER_URI=http://127.0.0.1:11360[0m
]2;/workspace/SimEnv/src/unitree_guide/unitree_guide/unitree_guide/launch/multi_floor_gazeboSim.launch http://127.0.0.1:11360
[1mprocess[gazebo-1]: started with pid [2361617][0m
[1mprocess[urdf_spawner-2]: started with pid [2361620][0m
[1mprocess[robot_state_publisher-3]: started with pid [2361623][0m
[1m[urdf_spawner-2] process has finished cleanly
log file: /tmp/simenv-home/.ros/log/fcce9128-af8c-11f1-9501-5084929e6cf9/urdf_spawner-2*.log[0m
[robot_state_publisher-3] killing on exit
[gazebo-1] killing on exit
shutting down processing monitor...
... shutting down processing monitor complete
[1mdone[0m
