[WARN] [1788657782.834234, 180.742000]: Topology room ROOM_L_15 has no executable frontier but local coverage is low (laser=0.926 camera=0.354); keeping room lock
[WARN] [1788657874.268891, 186.796000]: Topology room ROOM_L_15 has no executable frontier but local coverage is low (laser=0.926 camera=0.356); keeping room lock
[WARN] [1788657966.044562, 192.842000]: Topology room ROOM_L_15 has no executable frontier but local coverage is low (laser=0.926 camera=0.356); keeping room lock
[WARN] [1788658056.685490, 198.810000]: Topology room ROOM_L_15 has no executable frontier but local coverage is low (laser=0.925 camera=0.358); keeping room lock
[WARN] [1788658145.978455, 204.740000]: Topology room ROOM_L_15 has no executable frontier but local coverage is low (laser=0.925 camera=0.358); keeping room lock
[WARN] [1788658235.689843, 210.770000]: Topology room ROOM_L_15 has no executable frontier but local coverage is low (laser=0.925 camera=0.358); keeping room lock
[WARN] [1788658324.937081, 216.802000]: Topology room ROOM_L_15 has no executable frontier but local coverage is low (laser=0.925 camera=0.357); keeping room lock
[INFO] [1788655630.603777, 39.048000]: Entrance threshold crossed; stopping before plane-policy switch
[INFO] [1788655642.879561, 39.854000]: Plane locomotion policy active; continuing exploration
[INFO] [1788655642.931669, 39.888000]: Lobby transit complete; direct task-region exploration enabled
[INFO] [1788655687.178129, 42.790000]: FRONT door not observed; starting bounded 1.00 m recognition segment (travel 0.00/3.00 m)
[INFO] [1788655726.320839, 45.350000]: FRONT door recognition segment complete; stopped for rescan (travel 1.01/3.00 m)
[INFO] [1788655777.967432, 48.822000]: COVERAGE target kind=CAMERA_FRONTIER topology=ROOM_R_15 path=4.67 laser_gain=6.64 camera_gain=13.52 combined_gain=12.83
[INFO] [1788656079.606267, 68.722000]: COVERAGE target kind=CAMERA_FRONTIER topology=ROOM_R_15 path=5.62 laser_gain=0.00 camera_gain=1.73 combined_gain=1.56
[INFO] [1788656336.134556, 85.748000]: COVERAGE target kind=CAMERA_FRONTIER topology=ROOM_R_15 path=2.82 laser_gain=0.00 camera_gain=3.41 combined_gain=3.07
[INFO] [1788656367.253229, 87.842000]: COVERAGE target kind=CAMERA_FRONTIER topology=ROOM_R_15 path=5.65 laser_gain=0.00 camera_gain=6.36 combined_gain=5.72
[INFO] [1788656499.881313, 96.790000]: COVERAGE target kind=CAMERA_FRONTIER topology=ROOM_R_15 path=5.20 laser_gain=0.00 camera_gain=1.08 combined_gain=0.97 (replaced)
[INFO] [1788656557.994237, 100.826000]: COVERAGE target kind=CAMERA_FRONTIER topology=ROOM_R_15 path=3.84 laser_gain=0.89 camera_gain=5.19 combined_gain=4.76 (replaced)
[INFO] [1788656615.594190, 104.744000]: COVERAGE target kind=CAMERA_FRONTIER topology=ROOM_R_15 path=5.14 laser_gain=0.00 camera_gain=7.97 combined_gain=7.17 (replaced)
[INFO] [1788656781.586250, 115.810000]: Topology room ROOM_R_15 coverage complete; returning to CORRIDOR before next room
[INFO] [1788657075.279372, 134.464000]: Topology room ROOM_R_15 complete and robot confirmed back in CORRIDOR
[INFO] [1788657079.827574, 134.742000]: COVERAGE target kind=CAMERA_FRONTIER topology=ROOM_L_15 path=4.63 laser_gain=0.12 camera_gain=2.68 combined_gain=2.42
[INFO] [1788657435.376336, 157.786000]: COVERAGE target kind=CAMERA_FRONTIER topology=ROOM_L_15 path=6.24 laser_gain=0.00 camera_gain=2.28 combined_gain=2.05 (replaced)
[INFO] [1788657554.855826, 165.768000]: COVERAGE target kind=CAMERA_FRONTIER topology=ROOM_L_15 path=7.48 laser_gain=0.26 camera_gain=3.55 combined_gain=3.22
/workspace/SimEnv/.baseline_worktrees/single_floor_808e8b3/src/simnav/scripts/danger_detector_node.py:533: RuntimeWarning: invalid value encountered in greater
  "depth_valid": bool(np.any(np.isfinite(depth) & (depth > 0.0))),
[INFO] [1788655777.967938, 48.822000]: RGB-D exploration scope active: type=room id=ROOM_R_15
[INFO] [1788657079.827915, 134.742000]: RGB-D exploration scope active: type=room id=ROOM_L_15
[31mWARNING: disk usage in log directory [/tmp/simenv-home/.ros/log] is over 1GB.
It's recommended that you use the 'rosclean' command.[0m
... logging to /tmp/simenv-home/.ros/log/18cf37c2-a98b-11f1-9c8d-5084929e6cf9/roslaunch-xiejiaxue-System-Product-Name-3906775.log
Checking log directory for disk usage. This may take a while.
Press Ctrl-C to interrupt
]2;/workspace/SimEnv/.baseline_worktrees/single_floor_808e8b3/src/simnav/launch/stage_b_behavior.launch
[1mstarted roslaunch server http://xiejiaxue-System-Product-Name:37109/[0m

SUMMARY
========

PARAMETERS
 * /coverage_explorer/camera_coverage_target: 0.85
 * /coverage_explorer/camera_resolution: 0.25
 * /coverage_explorer/camera_weight: 0.9
 * /coverage_explorer/clearance_cost_weight: 1.4
 * /coverage_explorer/combined_coverage_target: 0.84
 * /coverage_explorer/completion_stable_duration: 3.0
 * /coverage_explorer/corridor_yaw: 0.0
 * /coverage_explorer/door_search_front_limit: 3.0
 * /coverage_explorer/door_search_rear_limit: 3.0
 * /coverage_explorer/door_search_step_distance: 1.0
 * /coverage_explorer/door_search_wait_cycles: 3
 * /coverage_explorer/expected_rooms_per_floor: 4
 * /coverage_explorer/far_room_first: False
 * /coverage_explorer/front_station_search_limit: 10.0
 * /coverage_explorer/frontier_cluster_radius: 0.45
 * /coverage_explorer/frontier_revisit_radius: 0.7
 * /coverage_explorer/heading_tolerance: 0.25
 * /coverage_explorer/information_radius: 2.5
 * /coverage_explorer/initial_centering_start_distance: 10.5
 * /coverage_explorer/initial_forward_distance: 14.5
 * /coverage_explorer/initial_forward_speed: 0.45
 * /coverage_explorer/laser_coverage_target: 0.95
 * /coverage_explorer/minimum_room_stations: 1
 * /coverage_explorer/motion_speed: 0.45
 * /coverage_explorer/motion_stop_distance: 0.48
 * /coverage_explorer/navigation_clearance: 0.2
 * /coverage_explorer/portal_confirm_cycles: 3
 * /coverage_explorer/preferred_clearance: 0.32
 * /coverage_explorer/rear_transit_distance: 12.0
 * /coverage_explorer/replan_period: 1.0
 * /coverage_explorer/robot_radius: 0.38
 * /coverage_explorer/room_combined_coverage_target: 0.85
 * /coverage_explorer/room_completion_miss_cycles: 3
 * /coverage_explorer/safety_margin: 0.04
 * /coverage_explorer/show_room_virtual_doors: True
 * /coverage_explorer/sphere_min_hits: 3
 * /coverage_explorer/sphere_point_stride: 2
 * /coverage_explorer/sphere_process_period: 0.5
 * /coverage_explorer/sphere_review_hold: 2.0
 * /coverage_explorer/target_replace_gain_ratio: 1.3
 * /coverage_explorer/target_replace_min_age: 4.0
 * /coverage_explorer/target_replace_stall: 8.0
 * /coverage_explorer/target_tolerance: 0.35
 * /coverage_explorer/task_back_extension: 0.6
 * /coverage_explorer/task_corridor_half_width: 1.1
 * /coverage_explorer/task_entry_buffer: 0.45
 * /coverage_explorer/task_forward_depth: 35.0
 * /coverage_explorer/task_lateral_half_width: 9.5
 * /coverage_explorer/turn_cost_weight: 0.1
 * /coverage_explorer/turn_speed: 0.65
 * /coverage_explorer/virtual_gate_depth: 0.3
 * /coverage_explorer/virtual_gate_forward_distance: 10.5
 * /coverage_explorer/virtual_gate_half_width: 1.1
 * /danger_detector/camera_observation_markers_enabled: True
 * /danger_detector/camera_observation_max_cells: 30000
 * /danger_detector/camera_observation_pixel_stride: 32
 * /danger_detector/camera_observation_resolution: 0.25
 * /danger_detector/camera_observation_summary_period: 0.5
 * /danger_detector/cluster_radius: 0.75
 * /danger_detector/confirmation_frames: 3
 * /danger_detector/debug_output_file: /workspace/SimEnv...
 * /danger_detector/output_file: /workspace/SimEnv...
 * /rosdistro: noetic
 * /rosversion: 1.17.4

NODES
  /
    coverage_explorer (simnav/coverage_explorer_node.py)
    danger_detector (simnav/danger_detector_node.py)

[1mROS_MASTER_URI=http://127.0.0.1:11320[0m
]2;/workspace/SimEnv/.baseline_worktrees/single_floor_808e8b3/src/simnav/launch/stage_b_behavior.launch http://127.0.0.1:11320
[1mprocess[coverage_explorer-1]: started with pid [3906818][0m
[1mprocess[danger_detector-2]: started with pid [3906819][0m
[danger_detector-2] killing on exit
[coverage_explorer-1] killing on exit
shutting down processing monitor...
... shutting down processing monitor complete
[1mdone[0m
